src/__backup_v1/DashboardPage.tsx(342,37): error TS2339: Property 'weightedPlantAllocation' does not exist on type 'InternalProjectResult'.
src/__backup_v1/DashboardPage.tsx(343,37): error TS2339: Property 'weightedConsumables' does not exist on type 'InternalProjectResult'.
src/__backup_v1/DashboardPage.tsx(344,37): error TS2339: Property 'weightedOtherMfg' does not exist on type 'InternalProjectResult'.
src/__backup_v1/DashboardPage.tsx(347,37): error TS2339: Property 'weightedAutoWarehouse' does not exist on type 'InternalProjectResult'.
src/components/KpiCard.tsx(2,9): error TS6133: 'Title' is declared but its value is never read.
src/engine/excel_export.ts(18,3): error TS6196: 'MetalEscalationResult' is declared but never used.
src/engine/quote_template.ts(14,1): error TS6133: 'GapStatus' is declared but its value is never read.
src/pages/DashboardPage.tsx(4,50): error TS6133: 'Empty' is declared but its value is never read.
src/pages/DashboardPage.tsx(8,42): error TS6133: 'IconSend' is declared but its value is never read.
src/pages/DashboardPage.tsx(8,52): error TS6133: 'IconUpload' is declared but its value is never read.
src/pages/DashboardPage.tsx(9,3): error TS6133: 'IconSetting' is declared but its value is never read.
src/pages/DashboardPage.tsx(9,32): error TS2724: '"@douyinfe/semi-icons"' has no exported member named 'IconCheckCircle'. Did you mean 'IconTickCircle'?
src/pages/DashboardPage.tsx(9,91): error TS2614: Module '"@douyinfe/semi-icons"' has no exported member 'IconForm'. Did you mean to use 'import IconForm from "@douyinfe/semi-icons"' instead?
src/pages/DashboardPage.tsx(23,10): error TS6133: 'exportInternalCostExcel' is declared but its value is never read.
src/pages/DashboardPage.tsx(24,1): error TS6133: 'downloadProjectPackage' is declared but its value is never read.
src/pages/DashboardPage.tsx(25,23): error TS6133: 'summarizeValidation' is declared but its value is never read.
src/pages/DashboardPage.tsx(31,1): error TS6133: 'useSettingsStore' is declared but its value is never read.
src/pages/DashboardPage.tsx(32,1): error TS6133: 'VersionPanel' is declared but its value is never read.
src/pages/DashboardPage.tsx(34,1): error TS6133: 'AuditLogPanel' is declared but its value is never read.
src/pages/DashboardPage.tsx(138,9): error TS6133: 'can' is declared but its value is never read.
src/pages/DashboardPage.tsx(157,39): error TS2339: Property 'factoryId' does not exist on type 'ProjectConfig'.
src/pages/DashboardPage.tsx(170,48): error TS2339: Property 'target_scrap_rate' does not exist on type 'FactoryConfig'.
src/pages/DashboardPage.tsx(174,34): error TS2339: Property 'overhead_6d' does not exist on type 'FactoryConfig'.
src/pages/DashboardPage.tsx(202,9): error TS2353: Object literal may only specify known properties, and ''meta.lastModified'' does not exist in type 'UpdateSpec<ProjectRecord> | ((obj: ProjectRecord, ctx: { value: any; primKey: IndexableType; }) => boolean | void)'.
src/pages/DashboardPage.tsx(216,10): error TS6133: 'selectedHarnessIds' is declared but its value is never read.
src/pages/DashboardPage.tsx(216,30): error TS6133: 'setSelectedHarnessIds' is declared but its value is never read.
src/pages/DashboardPage.tsx(219,9): error TS6133: 'loadBenchmark' is declared but its value is never read.
src/pages/DashboardPage.tsx(272,39): error TS2339: Property 'factoryId' does not exist on type 'ProjectConfig'.
src/pages/DashboardPage.tsx(275,54): error TS2339: Property 'factoryId' does not exist on type 'ProjectConfig'.
src/pages/DashboardPage.tsx(294,109): error TS2532: Object is possibly 'undefined'.
src/pages/DashboardPage.tsx(316,27): error TS6133: 'record' is declared but its value is never read.
src/pages/HarnessEditPage.tsx(19,91): error TS6133: 'IconHistogram' is declared but its value is never read.
src/pages/HarnessEditPage.tsx(19,125): error TS2724: '"@douyinfe/semi-icons"' has no exported member named 'IconCheckCircle'. Did you mean 'IconTickCircle'?
src/pages/HarnessEditPage.tsx(19,142): error TS6133: 'IconShield' is declared but its value is never read.
src/pages/HarnessEditPage.tsx(113,79): error TS2339: Property 'factoryId' does not exist on type 'ProjectRecord'.
src/pages/HarnessEditPage.tsx(127,56): error TS2339: Property 'factoryId' does not exist on type 'ProjectRecord'.
src/pages/HarnessEditPage.tsx(375,114): error TS2339: Property 'meta' does not exist on type 'FinancialBenchmark'.
src/pages/HarnessEditPage.tsx(383,87): error TS2339: Property 'meta' does not exist on type 'FinancialBenchmark'.
src/pages/HarnessEditPage.tsx(384,78): error TS2339: Property 'meta' does not exist on type 'FinancialBenchmark'.
src/pages/ProjectListPage.tsx(10,3): error TS6133: 'computeProjectFromHarnesses' is declared but its value is never read.
src/pages/ProjectListPage.tsx(94,25): error TS2339: Property 'factoryId' does not exist on type 'ProjectConfig'.
src/pages/ProjectListPage.tsx(290,39): error TS2339: Property 'internalCost' does not exist on type '{ harnessCount: number; unitCost?: number | undefined; }'.
src/pages/ProjectListPage.tsx(291,46): error TS2339: Property 'internalCost' does not exist on type '{ harnessCount: number; unitCost?: number | undefined; }'.
src/pages/QuotePage.tsx(525,46): error TS2554: Expected 0 arguments, but got 3.
